// Jest Snapshot v1, https://goo.gl/fbAQLP

exports[`app | component | header render should match snapshot 1`] = `
ShallowWrapper {
  "length": 1,
  Symbol(enzyme.__root__): [Circular],
  Symbol(enzyme.__unrendered__): <Header />,
  Symbol(enzyme.__renderer__): Object {
    "batchedUpdates": [Function],
    "getNode": [Function],
    "render": [Function],
    "simulateEvent": [Function],
    "unmount": [Function],
  },
  Symbol(enzyme.__node__): Object {
    "instance": null,
    "key": undefined,
    "nodeType": "host",
    "props": Object {
      "children": <Blueprint.Navbar>
        <Blueprint.NavbarGroup
                align="left"
                className={
                        Object {
                                "data-css-12alag6": "",
                              }
                }
        />
        <Blueprint.NavbarGroup
                align="right"
                className={
                        Object {
                                "data-css-12alag6": "",
                              }
                }
        />
</Blueprint.Navbar>,
    },
    "ref": null,
    "rendered": Object {
      "instance": null,
      "key": undefined,
      "nodeType": "class",
      "props": Object {
        "children": Array [
          <Blueprint.NavbarGroup
            align="left"
            className={
                        Object {
                                    "data-css-12alag6": "",
                                  }
            }
/>,
          <Blueprint.NavbarGroup
            align="right"
            className={
                        Object {
                                    "data-css-12alag6": "",
                                  }
            }
/>,
        ],
      },
      "ref": null,
      "rendered": Array [
        Object {
          "instance": null,
          "key": undefined,
          "nodeType": "class",
          "props": Object {
            "align": "left",
            "children": undefined,
            "className": Object {
              "data-css-12alag6": "",
            },
          },
          "ref": null,
          "rendered": null,
          "type": [Function],
        },
        Object {
          "instance": null,
          "key": undefined,
          "nodeType": "class",
          "props": Object {
            "align": "right",
            "children": undefined,
            "className": Object {
              "data-css-12alag6": "",
            },
          },
          "ref": null,
          "rendered": null,
          "type": [Function],
        },
      ],
      "type": [Function],
    },
    "type": "header",
  },
  Symbol(enzyme.__nodes__): Array [
    Object {
      "instance": null,
      "key": undefined,
      "nodeType": "host",
      "props": Object {
        "children": <Blueprint.Navbar>
          <Blueprint.NavbarGroup
                    align="left"
                    className={
                              Object {
                                        "data-css-12alag6": "",
                                      }
                    }
          />
          <Blueprint.NavbarGroup
                    align="right"
                    className={
                              Object {
                                        "data-css-12alag6": "",
                                      }
                    }
          />
</Blueprint.Navbar>,
      },
      "ref": null,
      "rendered": Object {
        "instance": null,
        "key": undefined,
        "nodeType": "class",
        "props": Object {
          "children": Array [
            <Blueprint.NavbarGroup
              align="left"
              className={
                            Object {
                                          "data-css-12alag6": "",
                                        }
              }
/>,
            <Blueprint.NavbarGroup
              align="right"
              className={
                            Object {
                                          "data-css-12alag6": "",
                                        }
              }
/>,
          ],
        },
        "ref": null,
        "rendered": Array [
          Object {
            "instance": null,
            "key": undefined,
            "nodeType": "class",
            "props": Object {
              "align": "left",
              "children": undefined,
              "className": Object {
                "data-css-12alag6": "",
              },
            },
            "ref": null,
            "rendered": null,
            "type": [Function],
          },
          Object {
            "instance": null,
            "key": undefined,
            "nodeType": "class",
            "props": Object {
              "align": "right",
              "children": undefined,
              "className": Object {
                "data-css-12alag6": "",
              },
            },
            "ref": null,
            "rendered": null,
            "type": [Function],
          },
        ],
        "type": [Function],
      },
      "type": "header",
    },
  ],
  Symbol(enzyme.__options__): Object {
    "adapter": ReactSixteenAdapter {
      "options": Object {
        "enableComponentDidUpdateOnSetState": true,
      },
    },
  },
}
`;
